This is XeTeX, Version 3.141592653-2.6-0.999995 (TeX Live 2023) (preloaded format=xelatex 2023.11.27)  30 OCT 2024 16:16
entering extended mode
 restricted \write18 enabled.
 %&-line parsing enabled.
**221900180_田永铭_回归树均方误差不断下降的证明.tex
(./221900180_田永铭_回归树均方误差不断下降的证明.tex
LaTeX2e <2022-11-01> patch level 1
L3 programming layer <2023-02-22>
(d:/MyOwnFiles/LaTex/texlive/2023/texmf-dist/tex/latex/base/article.cls
Document Class: article 2022/07/02 v1.4n Standard LaTeX document class
(d:/MyOwnFiles/LaTex/texlive/2023/texmf-dist/tex/latex/base/size10.clo
File: size10.clo 2022/07/02 v1.4n Standard LaTeX file (size option)
)
\c@part=\count181
\c@section=\count182
\c@subsection=\count183
\c@subsubsection=\count184
\c@paragraph=\count185
\c@subparagraph=\count186
\c@figure=\count187
\c@table=\count188
\abovecaptionskip=\skip48
\belowcaptionskip=\skip49
\bibindent=\dimen140
)
(d:/MyOwnFiles/LaTex/texlive/2023/texmf-dist/tex/latex/ctex/ctex.sty
(d:/MyOwnFiles/LaTex/texlive/2023/texmf-dist/tex/latex/l3kernel/expl3.sty
Package: expl3 2023-02-22 L3 programming layer (loader) 

(d:/MyOwnFiles/LaTex/texlive/2023/texmf-dist/tex/latex/l3backend/l3backend-xete
x.def
File: l3backend-xetex.def 2023-01-16 L3 backend support: XeTeX
\g__graphics_track_int=\count189
\l__pdf_internal_box=\box51
\g__pdf_backend_object_int=\count190
\g__pdf_backend_annotation_int=\count191
\g__pdf_backend_link_int=\count192
))
Package: ctex 2022/07/14 v2.5.10 Chinese adapter in LaTeX (CTEX)

(d:/MyOwnFiles/LaTex/texlive/2023/texmf-dist/tex/latex/ctex/ctexhook.sty
Package: ctexhook 2022/07/14 v2.5.10 Document and package hooks (CTEX)
)
(d:/MyOwnFiles/LaTex/texlive/2023/texmf-dist/tex/latex/ctex/ctexpatch.sty
Package: ctexpatch 2022/07/14 v2.5.10 Patching commands (CTEX)
)
(d:/MyOwnFiles/LaTex/texlive/2023/texmf-dist/tex/latex/base/fix-cm.sty
Package: fix-cm 2020/11/24 v1.1t fixes to LaTeX

(d:/MyOwnFiles/LaTex/texlive/2023/texmf-dist/tex/latex/base/ts1enc.def
File: ts1enc.def 2001/06/05 v3.0e (jk/car/fm) Standard LaTeX file
LaTeX Font Info:    Redeclaring font encoding TS1 on input line 47.
))
\l__ctex_tmp_int=\count193
\l__ctex_tmp_box=\box52
\l__ctex_tmp_dim=\dimen141
\g__ctex_section_depth_int=\count194
\g__ctex_font_size_int=\count195

(d:/MyOwnFiles/LaTex/texlive/2023/texmf-dist/tex/latex/ctex/config/ctexopts.cfg
File: ctexopts.cfg 2022/07/14 v2.5.10 Option configuration file (CTEX)
)
(d:/MyOwnFiles/LaTex/texlive/2023/texmf-dist/tex/latex/ctex/engine/ctex-engine-
xetex.def
File: ctex-engine-xetex.def 2022/07/14 v2.5.10 XeLaTeX adapter (CTEX)

(d:/MyOwnFiles/LaTex/texlive/2023/texmf-dist/tex/xelatex/xecjk/xeCJK.sty
Package: xeCJK 2022/08/05 v3.9.1 Typesetting CJK scripts with XeLaTeX

(d:/MyOwnFiles/LaTex/texlive/2023/texmf-dist/tex/latex/l3packages/xtemplate/xte
mplate.sty
Package: xtemplate 2023-02-02 L3 Experimental prototype document functions
\l__xtemplate_tmp_dim=\dimen142
\l__xtemplate_tmp_int=\count196
\l__xtemplate_tmp_muskip=\muskip16
\l__xtemplate_tmp_skip=\skip50
)
\l__xeCJK_tmp_int=\count197
\l__xeCJK_tmp_box=\box53
\l__xeCJK_tmp_dim=\dimen143
\l__xeCJK_tmp_skip=\skip51
\g__xeCJK_space_factor_int=\count198
\l__xeCJK_begin_int=\count199
\l__xeCJK_end_int=\count266
\c__xeCJK_CJK_class_int=\XeTeXcharclass1
\c__xeCJK_FullLeft_class_int=\XeTeXcharclass2
\c__xeCJK_FullRight_class_int=\XeTeXcharclass3
\c__xeCJK_HalfLeft_class_int=\XeTeXcharclass4
\c__xeCJK_HalfRight_class_int=\XeTeXcharclass5
\c__xeCJK_NormalSpace_class_int=\XeTeXcharclass6
\c__xeCJK_CM_class_int=\XeTeXcharclass7
\c__xeCJK_HangulJamo_class_int=\XeTeXcharclass8
\l__xeCJK_last_skip=\skip52
\c__xeCJK_none_node=\count267
\g__xeCJK_node_int=\count268
\c__xeCJK_CJK_node_dim=\dimen144
\c__xeCJK_CJK-space_node_dim=\dimen145
\c__xeCJK_default_node_dim=\dimen146
\c__xeCJK_CJK-widow_node_dim=\dimen147
\c__xeCJK_normalspace_node_dim=\dimen148
\c__xeCJK_default-space_node_skip=\skip53
\l__xeCJK_ccglue_skip=\skip54
\l__xeCJK_ecglue_skip=\skip55
\l__xeCJK_punct_kern_skip=\skip56
\l__xeCJK_indent_box=\box54
\l__xeCJK_last_penalty_int=\count269
\l__xeCJK_last_bound_dim=\dimen149
\l__xeCJK_last_kern_dim=\dimen150
\l__xeCJK_widow_penalty_int=\count270

Package xtemplate Info: Declaring object type 'xeCJK/punctuation' taking 0
(xtemplate)             argument(s) on line 2396.

\l__xeCJK_fixed_punct_width_dim=\dimen151
\l__xeCJK_mixed_punct_width_dim=\dimen152
\l__xeCJK_middle_punct_width_dim=\dimen153
\l__xeCJK_fixed_margin_width_dim=\dimen154
\l__xeCJK_mixed_margin_width_dim=\dimen155
\l__xeCJK_middle_margin_width_dim=\dimen156
\l__xeCJK_bound_punct_width_dim=\dimen157
\l__xeCJK_bound_margin_width_dim=\dimen158
\l__xeCJK_margin_minimum_dim=\dimen159
\l__xeCJK_kerning_total_width_dim=\dimen160
\l__xeCJK_same_align_margin_dim=\dimen161
\l__xeCJK_different_align_margin_dim=\dimen162
\l__xeCJK_kerning_margin_width_dim=\dimen163
\l__xeCJK_kerning_margin_minimum_dim=\dimen164
\l__xeCJK_bound_dim=\dimen165
\l__xeCJK_reverse_bound_dim=\dimen166
\l__xeCJK_margin_dim=\dimen167
\l__xeCJK_minimum_bound_dim=\dimen168
\l__xeCJK_kerning_margin_dim=\dimen169
\g__xeCJK_family_int=\count271
\l__xeCJK_fam_int=\count272
\g__xeCJK_fam_allocation_int=\count273
\l__xeCJK_verb_case_int=\count274
\l__xeCJK_verb_exspace_skip=\skip57

(d:/MyOwnFiles/LaTex/texlive/2023/texmf-dist/tex/latex/fontspec/fontspec.sty
(d:/MyOwnFiles/LaTex/texlive/2023/texmf-dist/tex/latex/l3packages/xparse/xparse
.sty
Package: xparse 2023-02-02 L3 Experimental document command parser
)
Package: fontspec 2022/01/15 v2.8a Font selection for XeLaTeX and LuaLaTeX

(d:/MyOwnFiles/LaTex/texlive/2023/texmf-dist/tex/latex/fontspec/fontspec-xetex.
sty
Package: fontspec-xetex 2022/01/15 v2.8a Font selection for XeLaTeX and LuaLaTe
X
\l__fontspec_script_int=\count275
\l__fontspec_language_int=\count276
\l__fontspec_strnum_int=\count277
\l__fontspec_tmp_int=\count278
\l__fontspec_tmpa_int=\count279
\l__fontspec_tmpb_int=\count280
\l__fontspec_tmpc_int=\count281
\l__fontspec_em_int=\count282
\l__fontspec_emdef_int=\count283
\l__fontspec_strong_int=\count284
\l__fontspec_strongdef_int=\count285
\l__fontspec_tmpa_dim=\dimen170
\l__fontspec_tmpb_dim=\dimen171
\l__fontspec_tmpc_dim=\dimen172
 (d:/MyOwnFiles/LaTex/texlive/2023/texmf-dist/tex/latex/base/fontenc.sty
Package: fontenc 2021/04/29 v2.0v Standard LaTeX package
)
(d:/MyOwnFiles/LaTex/texlive/2023/texmf-dist/tex/latex/fontspec/fontspec.cfg)))
(d:/MyOwnFiles/LaTex/texlive/2023/texmf-dist/tex/xelatex/xecjk/xeCJK.cfg
File: xeCJK.cfg 2022/08/05 v3.9.1 Configuration file for xeCJK package
))
\ccwd=\dimen173
\l__ctex_ccglue_skip=\skip58
)
\l__ctex_ziju_dim=\dimen174

(d:/MyOwnFiles/LaTex/texlive/2023/texmf-dist/tex/latex/zhnumber/zhnumber.sty
Package: zhnumber 2022/07/14 v3.0 Typesetting numbers with Chinese glyphs
\l__zhnum_scale_int=\count286
\l__zhnum_tmp_int=\count287

(d:/MyOwnFiles/LaTex/texlive/2023/texmf-dist/tex/latex/zhnumber/zhnumber-utf8.c
fg
File: zhnumber-utf8.cfg 2022/07/14 v3.0 Chinese numerals with UTF8 encoding
))
(d:/MyOwnFiles/LaTex/texlive/2023/texmf-dist/tex/latex/ctex/heading/ctex-headin
g-article.def
File: ctex-article.def 2022/07/14 v2.5.10 Heading modification for article (CTE
X)
\l__ctex_heading_skip=\skip59

(d:/MyOwnFiles/LaTex/texlive/2023/texmf-dist/tex/latex/ctex/scheme/ctex-scheme-
chinese-article.def
File: ctex-scheme-chinese-article.def 2022/07/14 v2.5.10 Chinese scheme for art
icle (CTEX)

(d:/MyOwnFiles/LaTex/texlive/2023/texmf-dist/tex/latex/ctex/config/ctex-name-ut
f8.cfg
File: ctex-name-utf8.cfg 2022/07/14 v2.5.10 Caption with encoding UTF-8 (CTEX)
)))
(d:/MyOwnFiles/LaTex/texlive/2023/texmf-dist/tex/latex/ctex/ctex-c5size.clo
File: ctex-c5size.clo 2022/07/14 v2.5.10 c5size option (CTEX)
)
(d:/MyOwnFiles/LaTex/texlive/2023/texmf-dist/tex/latex/ctex/fontset/ctex-fontse
t-windows.def
File: ctex-fontset-windows.def 2022/07/14 v2.5.10 Windows fonts definition (CTE
X)

Package fontspec Info: Could not resolve font "KaiTi/B" (it probably doesn't
(fontspec)             exist).


Package fontspec Info: Could not resolve font "SimHei/I" (it probably doesn't
(fontspec)             exist).


Package fontspec Info: Could not resolve font "SimSun/BI" (it probably doesn't
(fontspec)             exist).


Package fontspec Info: Font family 'SimSun(0)' created for font 'SimSun' with
(fontspec)             options
(fontspec)             [Script={CJK},BoldFont={SimHei},ItalicFont={KaiTi}].
(fontspec)              
(fontspec)              This font family consists of the following NFSS
(fontspec)             series/shapes:
(fontspec)              
(fontspec)             - 'normal' (m/n) with NFSS spec.:
(fontspec)             <->"SimSun/OT:script=hani;language=dflt;"
(fontspec)             - 'small caps'  (m/sc) with NFSS spec.: 
(fontspec)             - 'bold' (b/n) with NFSS spec.:
(fontspec)             <->"SimHei/OT:script=hani;language=dflt;"
(fontspec)             - 'bold small caps'  (b/sc) with NFSS spec.: 
(fontspec)             - 'italic' (m/it) with NFSS spec.:
(fontspec)             <->"KaiTi/OT:script=hani;language=dflt;"
(fontspec)             - 'italic small caps'  (m/scit) with NFSS spec.: 

))
(d:/MyOwnFiles/LaTex/texlive/2023/texmf-dist/tex/latex/ctex/config/ctex.cfg
File: ctex.cfg 2022/07/14 v2.5.10 Configuration file (CTEX)
)
(d:/MyOwnFiles/LaTex/texlive/2023/texmf-dist/tex/latex/geometry/geometry.sty
Package: geometry 2020/01/02 v5.9 Page Geometry

(d:/MyOwnFiles/LaTex/texlive/2023/texmf-dist/tex/latex/graphics/keyval.sty
Package: keyval 2022/05/29 v1.15 key=value parser (DPC)
\KV@toks@=\toks16
)
(d:/MyOwnFiles/LaTex/texlive/2023/texmf-dist/tex/generic/iftex/ifvtex.sty
Package: ifvtex 2019/10/25 v1.7 ifvtex legacy package. Use iftex instead.

(d:/MyOwnFiles/LaTex/texlive/2023/texmf-dist/tex/generic/iftex/iftex.sty
Package: iftex 2022/02/03 v1.0f TeX engine tests
))
\Gm@cnth=\count288
\Gm@cntv=\count289
\c@Gm@tempcnt=\count290
\Gm@bindingoffset=\dimen175
\Gm@wd@mp=\dimen176
\Gm@odd@mp=\dimen177
\Gm@even@mp=\dimen178
\Gm@layoutwidth=\dimen179
\Gm@layoutheight=\dimen180
\Gm@layouthoffset=\dimen181
\Gm@layoutvoffset=\dimen182
\Gm@dimlist=\toks17
)
(d:/MyOwnFiles/LaTex/texlive/2023/texmf-dist/tex/latex/fancyhdr/fancyhdr.sty
Package: fancyhdr 2022/11/09 v4.1 Extensive control of page headers and footers

\f@nch@headwidth=\skip60
\f@nch@O@elh=\skip61
\f@nch@O@erh=\skip62
\f@nch@O@olh=\skip63
\f@nch@O@orh=\skip64
\f@nch@O@elf=\skip65
\f@nch@O@erf=\skip66
\f@nch@O@olf=\skip67
\f@nch@O@orf=\skip68
)
(d:/MyOwnFiles/LaTex/texlive/2023/texmf-dist/tex/latex/lastpage/lastpage.sty
Package: lastpage 2023/03/07 v2.0a lastpage: 2.09 or 2e? (HMM)

(d:/MyOwnFiles/LaTex/texlive/2023/texmf-dist/tex/latex/lastpage/lastpage2e.sty
Package: lastpage2e 2023/03/07 v2.0a Decide which 2e lastpage version to use (H
MM)

(d:/MyOwnFiles/LaTex/texlive/2023/texmf-dist/tex/latex/lastpage/lastpagemodern.
sty
Package: lastpagemodern 2023-03-07 v2.0a Refers to last page's name (HMM; JPG)
) 
)) (d:/MyOwnFiles/LaTex/texlive/2023/texmf-dist/tex/latex/xcolor/xcolor.sty
Package: xcolor 2022/06/12 v2.14 LaTeX color extensions (UK)

(d:/MyOwnFiles/LaTex/texlive/2023/texmf-dist/tex/latex/graphics-cfg/color.cfg
File: color.cfg 2016/01/02 v1.6 sample color configuration
)
Package xcolor Info: Driver file: xetex.def on input line 227.

(d:/MyOwnFiles/LaTex/texlive/2023/texmf-dist/tex/latex/graphics-def/xetex.def
File: xetex.def 2022/09/22 v5.0n Graphics/color driver for xetex
)
(d:/MyOwnFiles/LaTex/texlive/2023/texmf-dist/tex/latex/graphics/mathcolor.ltx)
Package xcolor Info: Model `cmy' substituted by `cmy0' on input line 1353.
Package xcolor Info: Model `RGB' extended on input line 1369.
Package xcolor Info: Model `HTML' substituted by `rgb' on input line 1371.
Package xcolor Info: Model `Hsb' substituted by `hsb' on input line 1372.
Package xcolor Info: Model `tHsb' substituted by `hsb' on input line 1373.
Package xcolor Info: Model `HSB' substituted by `hsb' on input line 1374.
Package xcolor Info: Model `Gray' substituted by `gray' on input line 1375.
Package xcolor Info: Model `wave' substituted by `hsb' on input line 1376.
) (d:/MyOwnFiles/LaTex/texlive/2023/texmf-dist/tex/latex/amsfonts/amssymb.sty
Package: amssymb 2013/01/14 v3.01 AMS font symbols

(d:/MyOwnFiles/LaTex/texlive/2023/texmf-dist/tex/latex/amsfonts/amsfonts.sty
Package: amsfonts 2013/01/14 v3.01 Basic AMSFonts support
\@emptytoks=\toks18
\symAMSa=\mathgroup4
\symAMSb=\mathgroup5
LaTeX Font Info:    Redeclaring math symbol \hbar on input line 98.
LaTeX Font Info:    Overwriting math alphabet `\mathfrak' in version `bold'
(Font)                  U/euf/m/n --> U/euf/b/n on input line 106.
))
(d:/MyOwnFiles/LaTex/texlive/2023/texmf-dist/tex/latex/amsmath/amsmath.sty
Package: amsmath 2022/04/08 v2.17n AMS math features
\@mathmargin=\skip69

For additional information on amsmath, use the `?' option.
(d:/MyOwnFiles/LaTex/texlive/2023/texmf-dist/tex/latex/amsmath/amstext.sty
Package: amstext 2021/08/26 v2.01 AMS text

(d:/MyOwnFiles/LaTex/texlive/2023/texmf-dist/tex/latex/amsmath/amsgen.sty
File: amsgen.sty 1999/11/30 v2.0 generic functions
\@emptytoks=\toks19
\ex@=\dimen183
))
(d:/MyOwnFiles/LaTex/texlive/2023/texmf-dist/tex/latex/amsmath/amsbsy.sty
Package: amsbsy 1999/11/29 v1.2d Bold Symbols
\pmbraise@=\dimen184
)
(d:/MyOwnFiles/LaTex/texlive/2023/texmf-dist/tex/latex/amsmath/amsopn.sty
Package: amsopn 2022/04/08 v2.04 operator names
)
\inf@bad=\count291
LaTeX Info: Redefining \frac on input line 234.
\uproot@=\count292
\leftroot@=\count293
LaTeX Info: Redefining \overline on input line 399.
LaTeX Info: Redefining \colon on input line 410.
\classnum@=\count294
\DOTSCASE@=\count295
LaTeX Info: Redefining \ldots on input line 496.
LaTeX Info: Redefining \dots on input line 499.
LaTeX Info: Redefining \cdots on input line 620.
\Mathstrutbox@=\box55
\strutbox@=\box56
LaTeX Info: Redefining \big on input line 722.
LaTeX Info: Redefining \Big on input line 723.
LaTeX Info: Redefining \bigg on input line 724.
LaTeX Info: Redefining \Bigg on input line 725.
\big@size=\dimen185
LaTeX Font Info:    Redeclaring font encoding OML on input line 743.
LaTeX Font Info:    Redeclaring font encoding OMS on input line 744.
\macc@depth=\count296
LaTeX Info: Redefining \bmod on input line 905.
LaTeX Info: Redefining \pmod on input line 910.
LaTeX Info: Redefining \smash on input line 940.
LaTeX Info: Redefining \relbar on input line 970.
LaTeX Info: Redefining \Relbar on input line 971.
\c@MaxMatrixCols=\count297
\dotsspace@=\muskip17
\c@parentequation=\count298
\dspbrk@lvl=\count299
\tag@help=\toks20
\row@=\count300
\column@=\count301
\maxfields@=\count302
\andhelp@=\toks21
\eqnshift@=\dimen186
\alignsep@=\dimen187
\tagshift@=\dimen188
\tagwidth@=\dimen189
\totwidth@=\dimen190
\lineht@=\dimen191
\@envbody=\toks22
\multlinegap=\skip70
\multlinetaggap=\skip71
\mathdisplay@stack=\toks23
LaTeX Info: Redefining \[ on input line 2953.
LaTeX Info: Redefining \] on input line 2954.
)
(d:/MyOwnFiles/LaTex/texlive/2023/texmf-dist/tex/latex/esint/esint.sty
Package: esint 
\symlargesymbolsA=\mathgroup6
)
(d:/MyOwnFiles/LaTex/texlive/2023/texmf-dist/tex/latex/gensymb/gensymb.sty
Package: gensymb 2022/10/17 v1.0.2 (KJH)
)
(d:/MyOwnFiles/LaTex/texlive/2023/texmf-dist/tex/latex/mathtools/mathtools.sty
Package: mathtools 2022/06/29 v1.29 mathematical typesetting tools

(d:/MyOwnFiles/LaTex/texlive/2023/texmf-dist/tex/latex/tools/calc.sty
Package: calc 2017/05/25 v4.3 Infix arithmetic (KKT,FJ)
\calc@Acount=\count303
\calc@Bcount=\count304
\calc@Adimen=\dimen192
\calc@Bdimen=\dimen193
\calc@Askip=\skip72
\calc@Bskip=\skip73
LaTeX Info: Redefining \setlength on input line 80.
LaTeX Info: Redefining \addtolength on input line 81.
\calc@Ccount=\count305
\calc@Cskip=\skip74
)
(d:/MyOwnFiles/LaTex/texlive/2023/texmf-dist/tex/latex/mathtools/mhsetup.sty
Package: mhsetup 2021/03/18 v1.4 programming setup (MH)
)
\g_MT_multlinerow_int=\count306
\l_MT_multwidth_dim=\dimen194
\origjot=\skip75
\l_MT_shortvdotswithinadjustabove_dim=\dimen195
\l_MT_shortvdotswithinadjustbelow_dim=\dimen196
\l_MT_above_intertext_sep=\dimen197
\l_MT_below_intertext_sep=\dimen198
\l_MT_above_shortintertext_sep=\dimen199
\l_MT_below_shortintertext_sep=\dimen256
\xmathstrut@box=\box57
\xmathstrut@dim=\dimen257
)
(d:/MyOwnFiles/LaTex/texlive/2023/texmf-dist/tex/latex/amscls/amsthm.sty
Package: amsthm 2020/05/29 v2.20.6
\thm@style=\toks24
\thm@bodyfont=\toks25
\thm@headfont=\toks26
\thm@notefont=\toks27
\thm@headpunct=\toks28
\thm@preskip=\skip76
\thm@postskip=\skip77
\thm@headsep=\skip78
\dth@everypar=\toks29
)
(d:/MyOwnFiles/LaTex/texlive/2023/texmf-dist/tex/latex/titlesec/titlesec.sty
Package: titlesec 2021/07/05 v2.14 Sectioning titles
\ttl@box=\box58
\beforetitleunit=\skip79
\aftertitleunit=\skip80
\ttl@plus=\dimen258
\ttl@minus=\dimen259
\ttl@toksa=\toks30
\titlewidth=\dimen260
\titlewidthlast=\dimen261
\titlewidthfirst=\dimen262
)
(d:/MyOwnFiles/LaTex/texlive/2023/texmf-dist/tex/latex/listings/listings.sty
\lst@mode=\count307
\lst@gtempboxa=\box59
\lst@token=\toks31
\lst@length=\count308
\lst@currlwidth=\dimen263
\lst@column=\count309
\lst@pos=\count310
\lst@lostspace=\dimen264
\lst@width=\dimen265
\lst@newlines=\count311
\lst@lineno=\count312
\lst@maxwidth=\dimen266

(d:/MyOwnFiles/LaTex/texlive/2023/texmf-dist/tex/latex/listings/lstmisc.sty
File: lstmisc.sty 2023/02/27 1.9 (Carsten Heinz)
\c@lstnumber=\count313
\lst@skipnumbers=\count314
\lst@framebox=\box60
)
(d:/MyOwnFiles/LaTex/texlive/2023/texmf-dist/tex/latex/listings/listings.cfg
File: listings.cfg 2023/02/27 1.9 listings configuration
))
Package: listings 2023/02/27 1.9 (Carsten Heinz)

(d:/MyOwnFiles/LaTex/texlive/2023/texmf-dist/tex/xelatex/xecjk/xeCJK-listings.s
ty
Package: xeCJK-listings 2022/08/05 v3.9.1 xeCJK patch file for listings
\l__xeCJK_listings_max_char_int=\count315
\l__xeCJK_listings_flag_int=\count316
)
(d:/MyOwnFiles/LaTex/texlive/2023/texmf-dist/tex/latex/graphics/graphicx.sty
Package: graphicx 2021/09/16 v1.2d Enhanced LaTeX Graphics (DPC,SPQR)

(d:/MyOwnFiles/LaTex/texlive/2023/texmf-dist/tex/latex/graphics/graphics.sty
Package: graphics 2022/03/10 v1.4e Standard LaTeX Graphics (DPC,SPQR)

(d:/MyOwnFiles/LaTex/texlive/2023/texmf-dist/tex/latex/graphics/trig.sty
Package: trig 2021/08/11 v1.11 sin cos tan (DPC)
)
(d:/MyOwnFiles/LaTex/texlive/2023/texmf-dist/tex/latex/graphics-cfg/graphics.cf
g
File: graphics.cfg 2016/06/04 v1.11 sample graphics configuration
)
Package graphics Info: Driver file: xetex.def on input line 107.
)
\Gin@req@height=\dimen267
\Gin@req@width=\dimen268
)
(d:/MyOwnFiles/LaTex/texlive/2023/texmf-dist/tex/latex/booktabs/booktabs.sty
Package: booktabs 2020/01/12 v1.61803398 Publication quality tables
\heavyrulewidth=\dimen269
\lightrulewidth=\dimen270
\cmidrulewidth=\dimen271
\belowrulesep=\dimen272
\belowbottomsep=\dimen273
\aboverulesep=\dimen274
\abovetopsep=\dimen275
\cmidrulesep=\dimen276
\cmidrulekern=\dimen277
\defaultaddspace=\dimen278
\@cmidla=\count317
\@cmidlb=\count318
\@aboverulesep=\dimen279
\@belowrulesep=\dimen280
\@thisruleclass=\count319
\@lastruleclass=\count320
\@thisrulewidth=\dimen281
)
(d:/MyOwnFiles/LaTex/texlive/2023/texmf-dist/tex/latex/caption/caption.sty
Package: caption 2023/03/12 v3.6j Customizing captions (AR)

(d:/MyOwnFiles/LaTex/texlive/2023/texmf-dist/tex/latex/caption/caption3.sty
Package: caption3 2023/03/12 v2.4 caption3 kernel (AR)
\caption@tempdima=\dimen282
\captionmargin=\dimen283
\caption@leftmargin=\dimen284
\caption@rightmargin=\dimen285
\caption@width=\dimen286
\caption@indent=\dimen287
\caption@parindent=\dimen288
\caption@hangindent=\dimen289
Package caption Info: Standard document class detected.
)
\c@caption@flags=\count321
\c@continuedfloat=\count322
Package caption Info: listings package is loaded.
)
(d:/MyOwnFiles/LaTex/texlive/2023/texmf-dist/tex/latex/diagbox/diagbox.sty
Package: diagbox 2020/02/09 v2.3 Making table heads with diagonal lines

(d:/MyOwnFiles/LaTex/texlive/2023/texmf-dist/tex/latex/pict2e/pict2e.sty
Package: pict2e 2020/09/30 v0.4b Improved picture commands (HjG,RN,JT)

(d:/MyOwnFiles/LaTex/texlive/2023/texmf-dist/tex/latex/pict2e/pict2e.cfg
File: pict2e.cfg 2016/02/05 v0.1u pict2e configuration for teTeX/TeXLive
)
Package pict2e Info: Driver file: xetex.def on input line 112.
Package pict2e Info: Driver file for pict2e: p2e-xetex.def on input line 114.

(d:/MyOwnFiles/LaTex/texlive/2023/texmf-dist/tex/latex/pict2e/p2e-xetex.def
File: p2e-xetex.def 2016/02/05 v0.1u Driver-dependant file (RN,HjG,JT)
)
\pIIe@GRAPH=\toks32
\@arclen=\dimen290
\@arcrad=\dimen291
\pIIe@tempdima=\dimen292
\pIIe@tempdimb=\dimen293
\pIIe@tempdimc=\dimen294
\pIIe@tempdimd=\dimen295
\pIIe@tempdime=\dimen296
\pIIe@tempdimf=\dimen297
)
(d:/MyOwnFiles/LaTex/texlive/2023/texmf-dist/tex/latex/tools/array.sty
Package: array 2022/09/04 v2.5g Tabular extension package (FMi)
\col@sep=\dimen298
\ar@mcellbox=\box61
\extrarowheight=\dimen299
\NC@list=\toks33
\extratabsurround=\skip81
\backup@length=\skip82
\ar@cellbox=\box62
)
\diagbox@boxa=\box63
\diagbox@boxb=\box64
\diagbox@boxm=\box65
\diagbox@wd=\dimen300
\diagbox@ht=\dimen301
\diagbox@insepl=\dimen302
\diagbox@insepr=\dimen303
\diagbox@outsepl=\dimen304
\diagbox@outsepr=\dimen305
)
(d:/MyOwnFiles/LaTex/texlive/2023/texmf-dist/tex/latex/pgfplots/pgfplots.sty
(d:/MyOwnFiles/LaTex/texlive/2023/texmf-dist/tex/generic/pgfplots/pgfplots.revi
sion.tex)
Package: pgfplots 2021/05/15 v1.18.1 Data Visualization (1.18.1)

(d:/MyOwnFiles/LaTex/texlive/2023/texmf-dist/tex/latex/pgf/frontendlayer/tikz.s
ty
(d:/MyOwnFiles/LaTex/texlive/2023/texmf-dist/tex/latex/pgf/basiclayer/pgf.sty
(d:/MyOwnFiles/LaTex/texlive/2023/texmf-dist/tex/latex/pgf/utilities/pgfrcs.sty

(d:/MyOwnFiles/LaTex/texlive/2023/texmf-dist/tex/generic/pgf/utilities/pgfutil-
common.tex
\pgfutil@everybye=\toks34
\pgfutil@tempdima=\dimen306
\pgfutil@tempdimb=\dimen307
)
(d:/MyOwnFiles/LaTex/texlive/2023/texmf-dist/tex/generic/pgf/utilities/pgfutil-
latex.def
\pgfutil@abb=\box66
)
(d:/MyOwnFiles/LaTex/texlive/2023/texmf-dist/tex/generic/pgf/utilities/pgfrcs.c
ode.tex
(d:/MyOwnFiles/LaTex/texlive/2023/texmf-dist/tex/generic/pgf/pgf.revision.tex)
Package: pgfrcs 2023-01-15 v3.1.10 (3.1.10)
))
Package: pgf 2023-01-15 v3.1.10 (3.1.10)

(d:/MyOwnFiles/LaTex/texlive/2023/texmf-dist/tex/latex/pgf/basiclayer/pgfcore.s
ty
(d:/MyOwnFiles/LaTex/texlive/2023/texmf-dist/tex/latex/pgf/systemlayer/pgfsys.s
ty
(d:/MyOwnFiles/LaTex/texlive/2023/texmf-dist/tex/generic/pgf/systemlayer/pgfsys
.code.tex
Package: pgfsys 2023-01-15 v3.1.10 (3.1.10)

(d:/MyOwnFiles/LaTex/texlive/2023/texmf-dist/tex/generic/pgf/utilities/pgfkeys.
code.tex
\pgfkeys@pathtoks=\toks35
\pgfkeys@temptoks=\toks36

(d:/MyOwnFiles/LaTex/texlive/2023/texmf-dist/tex/generic/pgf/utilities/pgfkeysl
ibraryfiltered.code.tex
\pgfkeys@tmptoks=\toks37
))
\pgf@x=\dimen308
\pgf@y=\dimen309
\pgf@xa=\dimen310
\pgf@ya=\dimen311
\pgf@xb=\dimen312
\pgf@yb=\dimen313
\pgf@xc=\dimen314
\pgf@yc=\dimen315
\pgf@xd=\dimen316
\pgf@yd=\dimen317
\w@pgf@writea=\write3
\r@pgf@reada=\read2
\c@pgf@counta=\count323
\c@pgf@countb=\count324
\c@pgf@countc=\count325
\c@pgf@countd=\count326
\t@pgf@toka=\toks38
\t@pgf@tokb=\toks39
\t@pgf@tokc=\toks40
\pgf@sys@id@count=\count327

(d:/MyOwnFiles/LaTex/texlive/2023/texmf-dist/tex/generic/pgf/systemlayer/pgf.cf
g
File: pgf.cfg 2023-01-15 v3.1.10 (3.1.10)
)
Driver file for pgf: pgfsys-xetex.def

(d:/MyOwnFiles/LaTex/texlive/2023/texmf-dist/tex/generic/pgf/systemlayer/pgfsys
-xetex.def
File: pgfsys-xetex.def 2023-01-15 v3.1.10 (3.1.10)

(d:/MyOwnFiles/LaTex/texlive/2023/texmf-dist/tex/generic/pgf/systemlayer/pgfsys
-dvipdfmx.def
File: pgfsys-dvipdfmx.def 2023-01-15 v3.1.10 (3.1.10)

(d:/MyOwnFiles/LaTex/texlive/2023/texmf-dist/tex/generic/pgf/systemlayer/pgfsys
-common-pdf.def
File: pgfsys-common-pdf.def 2023-01-15 v3.1.10 (3.1.10)
)
\pgfsys@objnum=\count328
)))
(d:/MyOwnFiles/LaTex/texlive/2023/texmf-dist/tex/generic/pgf/systemlayer/pgfsys
softpath.code.tex
File: pgfsyssoftpath.code.tex 2023-01-15 v3.1.10 (3.1.10)
\pgfsyssoftpath@smallbuffer@items=\count329
\pgfsyssoftpath@bigbuffer@items=\count330
)
(d:/MyOwnFiles/LaTex/texlive/2023/texmf-dist/tex/generic/pgf/systemlayer/pgfsys
protocol.code.tex
File: pgfsysprotocol.code.tex 2023-01-15 v3.1.10 (3.1.10)
))
(d:/MyOwnFiles/LaTex/texlive/2023/texmf-dist/tex/generic/pgf/basiclayer/pgfcore
.code.tex
Package: pgfcore 2023-01-15 v3.1.10 (3.1.10)

(d:/MyOwnFiles/LaTex/texlive/2023/texmf-dist/tex/generic/pgf/math/pgfmath.code.
tex
(d:/MyOwnFiles/LaTex/texlive/2023/texmf-dist/tex/generic/pgf/math/pgfmathutil.c
ode.tex)
(d:/MyOwnFiles/LaTex/texlive/2023/texmf-dist/tex/generic/pgf/math/pgfmathparser
.code.tex
\pgfmath@dimen=\dimen318
\pgfmath@count=\count331
\pgfmath@box=\box67
\pgfmath@toks=\toks41
\pgfmath@stack@operand=\toks42
\pgfmath@stack@operation=\toks43
)
(d:/MyOwnFiles/LaTex/texlive/2023/texmf-dist/tex/generic/pgf/math/pgfmathfuncti
ons.code.tex)
(d:/MyOwnFiles/LaTex/texlive/2023/texmf-dist/tex/generic/pgf/math/pgfmathfuncti
ons.basic.code.tex)
(d:/MyOwnFiles/LaTex/texlive/2023/texmf-dist/tex/generic/pgf/math/pgfmathfuncti
ons.trigonometric.code.tex)
(d:/MyOwnFiles/LaTex/texlive/2023/texmf-dist/tex/generic/pgf/math/pgfmathfuncti
ons.random.code.tex)
(d:/MyOwnFiles/LaTex/texlive/2023/texmf-dist/tex/generic/pgf/math/pgfmathfuncti
ons.comparison.code.tex)
(d:/MyOwnFiles/LaTex/texlive/2023/texmf-dist/tex/generic/pgf/math/pgfmathfuncti
ons.base.code.tex)
(d:/MyOwnFiles/LaTex/texlive/2023/texmf-dist/tex/generic/pgf/math/pgfmathfuncti
ons.round.code.tex)
(d:/MyOwnFiles/LaTex/texlive/2023/texmf-dist/tex/generic/pgf/math/pgfmathfuncti
ons.misc.code.tex)
(d:/MyOwnFiles/LaTex/texlive/2023/texmf-dist/tex/generic/pgf/math/pgfmathfuncti
ons.integerarithmetics.code.tex)
(d:/MyOwnFiles/LaTex/texlive/2023/texmf-dist/tex/generic/pgf/math/pgfmathcalc.c
ode.tex)
(d:/MyOwnFiles/LaTex/texlive/2023/texmf-dist/tex/generic/pgf/math/pgfmathfloat.
code.tex
\c@pgfmathroundto@lastzeros=\count332
))
(d:/MyOwnFiles/LaTex/texlive/2023/texmf-dist/tex/generic/pgf/math/pgfint.code.t
ex)
(d:/MyOwnFiles/LaTex/texlive/2023/texmf-dist/tex/generic/pgf/basiclayer/pgfcore
points.code.tex
File: pgfcorepoints.code.tex 2023-01-15 v3.1.10 (3.1.10)
\pgf@picminx=\dimen319
\pgf@picmaxx=\dimen320
\pgf@picminy=\dimen321
\pgf@picmaxy=\dimen322
\pgf@pathminx=\dimen323
\pgf@pathmaxx=\dimen324
\pgf@pathminy=\dimen325
\pgf@pathmaxy=\dimen326
\pgf@xx=\dimen327
\pgf@xy=\dimen328
\pgf@yx=\dimen329
\pgf@yy=\dimen330
\pgf@zx=\dimen331
\pgf@zy=\dimen332
)
(d:/MyOwnFiles/LaTex/texlive/2023/texmf-dist/tex/generic/pgf/basiclayer/pgfcore
pathconstruct.code.tex
File: pgfcorepathconstruct.code.tex 2023-01-15 v3.1.10 (3.1.10)
\pgf@path@lastx=\dimen333
\pgf@path@lasty=\dimen334
)
(d:/MyOwnFiles/LaTex/texlive/2023/texmf-dist/tex/generic/pgf/basiclayer/pgfcore
pathusage.code.tex
File: pgfcorepathusage.code.tex 2023-01-15 v3.1.10 (3.1.10)
\pgf@shorten@end@additional=\dimen335
\pgf@shorten@start@additional=\dimen336
)
(d:/MyOwnFiles/LaTex/texlive/2023/texmf-dist/tex/generic/pgf/basiclayer/pgfcore
scopes.code.tex
File: pgfcorescopes.code.tex 2023-01-15 v3.1.10 (3.1.10)
\pgfpic=\box68
\pgf@hbox=\box69
\pgf@layerbox@main=\box70
\pgf@picture@serial@count=\count333
)
(d:/MyOwnFiles/LaTex/texlive/2023/texmf-dist/tex/generic/pgf/basiclayer/pgfcore
graphicstate.code.tex
File: pgfcoregraphicstate.code.tex 2023-01-15 v3.1.10 (3.1.10)
\pgflinewidth=\dimen337
)
(d:/MyOwnFiles/LaTex/texlive/2023/texmf-dist/tex/generic/pgf/basiclayer/pgfcore
transformations.code.tex
File: pgfcoretransformations.code.tex 2023-01-15 v3.1.10 (3.1.10)
\pgf@pt@x=\dimen338
\pgf@pt@y=\dimen339
\pgf@pt@temp=\dimen340
)
(d:/MyOwnFiles/LaTex/texlive/2023/texmf-dist/tex/generic/pgf/basiclayer/pgfcore
quick.code.tex
File: pgfcorequick.code.tex 2023-01-15 v3.1.10 (3.1.10)
)
(d:/MyOwnFiles/LaTex/texlive/2023/texmf-dist/tex/generic/pgf/basiclayer/pgfcore
objects.code.tex
File: pgfcoreobjects.code.tex 2023-01-15 v3.1.10 (3.1.10)
)
(d:/MyOwnFiles/LaTex/texlive/2023/texmf-dist/tex/generic/pgf/basiclayer/pgfcore
pathprocessing.code.tex
File: pgfcorepathprocessing.code.tex 2023-01-15 v3.1.10 (3.1.10)
)
(d:/MyOwnFiles/LaTex/texlive/2023/texmf-dist/tex/generic/pgf/basiclayer/pgfcore
arrows.code.tex
File: pgfcorearrows.code.tex 2023-01-15 v3.1.10 (3.1.10)
\pgfarrowsep=\dimen341
)
(d:/MyOwnFiles/LaTex/texlive/2023/texmf-dist/tex/generic/pgf/basiclayer/pgfcore
shade.code.tex
File: pgfcoreshade.code.tex 2023-01-15 v3.1.10 (3.1.10)
\pgf@max=\dimen342
\pgf@sys@shading@range@num=\count334
\pgf@shadingcount=\count335
)
(d:/MyOwnFiles/LaTex/texlive/2023/texmf-dist/tex/generic/pgf/basiclayer/pgfcore
image.code.tex
File: pgfcoreimage.code.tex 2023-01-15 v3.1.10 (3.1.10)
)
(d:/MyOwnFiles/LaTex/texlive/2023/texmf-dist/tex/generic/pgf/basiclayer/pgfcore
external.code.tex
File: pgfcoreexternal.code.tex 2023-01-15 v3.1.10 (3.1.10)
\pgfexternal@startupbox=\box71
)
(d:/MyOwnFiles/LaTex/texlive/2023/texmf-dist/tex/generic/pgf/basiclayer/pgfcore
layers.code.tex
File: pgfcorelayers.code.tex 2023-01-15 v3.1.10 (3.1.10)
)
(d:/MyOwnFiles/LaTex/texlive/2023/texmf-dist/tex/generic/pgf/basiclayer/pgfcore
transparency.code.tex
File: pgfcoretransparency.code.tex 2023-01-15 v3.1.10 (3.1.10)
)
(d:/MyOwnFiles/LaTex/texlive/2023/texmf-dist/tex/generic/pgf/basiclayer/pgfcore
patterns.code.tex
File: pgfcorepatterns.code.tex 2023-01-15 v3.1.10 (3.1.10)
)
(d:/MyOwnFiles/LaTex/texlive/2023/texmf-dist/tex/generic/pgf/basiclayer/pgfcore
rdf.code.tex
File: pgfcorerdf.code.tex 2023-01-15 v3.1.10 (3.1.10)
)))
(d:/MyOwnFiles/LaTex/texlive/2023/texmf-dist/tex/generic/pgf/modules/pgfmodules
hapes.code.tex
File: pgfmoduleshapes.code.tex 2023-01-15 v3.1.10 (3.1.10)
\pgfnodeparttextbox=\box72
)
(d:/MyOwnFiles/LaTex/texlive/2023/texmf-dist/tex/generic/pgf/modules/pgfmodulep
lot.code.tex
File: pgfmoduleplot.code.tex 2023-01-15 v3.1.10 (3.1.10)
)
(d:/MyOwnFiles/LaTex/texlive/2023/texmf-dist/tex/latex/pgf/compatibility/pgfcom
p-version-0-65.sty
Package: pgfcomp-version-0-65 2023-01-15 v3.1.10 (3.1.10)
\pgf@nodesepstart=\dimen343
\pgf@nodesepend=\dimen344
)
(d:/MyOwnFiles/LaTex/texlive/2023/texmf-dist/tex/latex/pgf/compatibility/pgfcom
p-version-1-18.sty
Package: pgfcomp-version-1-18 2023-01-15 v3.1.10 (3.1.10)
))
(d:/MyOwnFiles/LaTex/texlive/2023/texmf-dist/tex/latex/pgf/utilities/pgffor.sty

(d:/MyOwnFiles/LaTex/texlive/2023/texmf-dist/tex/latex/pgf/utilities/pgfkeys.st
y
(d:/MyOwnFiles/LaTex/texlive/2023/texmf-dist/tex/generic/pgf/utilities/pgfkeys.
code.tex))
(d:/MyOwnFiles/LaTex/texlive/2023/texmf-dist/tex/latex/pgf/math/pgfmath.sty
(d:/MyOwnFiles/LaTex/texlive/2023/texmf-dist/tex/generic/pgf/math/pgfmath.code.
tex))
(d:/MyOwnFiles/LaTex/texlive/2023/texmf-dist/tex/generic/pgf/utilities/pgffor.c
ode.tex
Package: pgffor 2023-01-15 v3.1.10 (3.1.10)
\pgffor@iter=\dimen345
\pgffor@skip=\dimen346
\pgffor@stack=\toks44
\pgffor@toks=\toks45
))
(d:/MyOwnFiles/LaTex/texlive/2023/texmf-dist/tex/generic/pgf/frontendlayer/tikz
/tikz.code.tex
Package: tikz 2023-01-15 v3.1.10 (3.1.10)

(d:/MyOwnFiles/LaTex/texlive/2023/texmf-dist/tex/generic/pgf/libraries/pgflibra
ryplothandlers.code.tex
File: pgflibraryplothandlers.code.tex 2023-01-15 v3.1.10 (3.1.10)
\pgf@plot@mark@count=\count336
\pgfplotmarksize=\dimen347
)
\tikz@lastx=\dimen348
\tikz@lasty=\dimen349
\tikz@lastxsaved=\dimen350
\tikz@lastysaved=\dimen351
\tikz@lastmovetox=\dimen352
\tikz@lastmovetoy=\dimen353
\tikzleveldistance=\dimen354
\tikzsiblingdistance=\dimen355
\tikz@figbox=\box73
\tikz@figbox@bg=\box74
\tikz@tempbox=\box75
\tikz@tempbox@bg=\box76
\tikztreelevel=\count337
\tikznumberofchildren=\count338
\tikznumberofcurrentchild=\count339
\tikz@fig@count=\count340

(d:/MyOwnFiles/LaTex/texlive/2023/texmf-dist/tex/generic/pgf/modules/pgfmodulem
atrix.code.tex
File: pgfmodulematrix.code.tex 2023-01-15 v3.1.10 (3.1.10)
\pgfmatrixcurrentrow=\count341
\pgfmatrixcurrentcolumn=\count342
\pgf@matrix@numberofcolumns=\count343
)
\tikz@expandcount=\count344

(d:/MyOwnFiles/LaTex/texlive/2023/texmf-dist/tex/generic/pgf/frontendlayer/tikz
/libraries/tikzlibrarytopaths.code.tex
File: tikzlibrarytopaths.code.tex 2023-01-15 v3.1.10 (3.1.10)
)))
(d:/MyOwnFiles/LaTex/texlive/2023/texmf-dist/tex/generic/pgfplots/pgfplots.code
.tex
(d:/MyOwnFiles/LaTex/texlive/2023/texmf-dist/tex/generic/pgfplots/pgfplotscore.
code.tex
\t@pgfplots@toka=\toks46
\t@pgfplots@tokb=\toks47
\t@pgfplots@tokc=\toks48
\pgfplots@tmpa=\dimen356
\c@pgfplots@coordindex=\count345
\c@pgfplots@scanlineindex=\count346

(d:/MyOwnFiles/LaTex/texlive/2023/texmf-dist/tex/generic/pgfplots/sys/pgfplotss
ysgeneric.code.tex))
(d:/MyOwnFiles/LaTex/texlive/2023/texmf-dist/tex/generic/pgfplots/libs/pgfplots
library.code.tex)
(d:/MyOwnFiles/LaTex/texlive/2023/texmf-dist/tex/generic/pgfplots/oldpgfcompati
b/pgfplotsoldpgfsupp_loader.code.tex
(d:/MyOwnFiles/LaTex/texlive/2023/texmf-dist/tex/generic/pgf/libraries/pgflibra
ryfpu.code.tex)
Package pgfplots: loading complementary utilities for your pgf version...
\t@pgf@toka=\toks49
\t@pgf@tokb=\toks50
\t@pgf@tokc=\toks51

(d:/MyOwnFiles/LaTex/texlive/2023/texmf-dist/tex/generic/pgfplots/oldpgfcompati
b/pgfplotsoldpgfsupp_pgfutil-common-lists.tex))
(d:/MyOwnFiles/LaTex/texlive/2023/texmf-dist/tex/generic/pgfplots/util/pgfplots
util.code.tex
(d:/MyOwnFiles/LaTex/texlive/2023/texmf-dist/tex/generic/pgfplots/liststructure
/pgfplotsliststructure.code.tex)
(d:/MyOwnFiles/LaTex/texlive/2023/texmf-dist/tex/generic/pgfplots/liststructure
/pgfplotsliststructureext.code.tex)
(d:/MyOwnFiles/LaTex/texlive/2023/texmf-dist/tex/generic/pgfplots/liststructure
/pgfplotsarray.code.tex
\c@pgfplotsarray@tmp=\count347
)
(d:/MyOwnFiles/LaTex/texlive/2023/texmf-dist/tex/generic/pgfplots/liststructure
/pgfplotsmatrix.code.tex)
(d:/MyOwnFiles/LaTex/texlive/2023/texmf-dist/tex/generic/pgfplots/numtable/pgfp
lotstableshared.code.tex
\c@pgfplotstable@counta=\count348
\t@pgfplotstable@a=\toks52
)
(d:/MyOwnFiles/LaTex/texlive/2023/texmf-dist/tex/generic/pgfplots/liststructure
/pgfplotsdeque.code.tex)
(d:/MyOwnFiles/LaTex/texlive/2023/texmf-dist/tex/generic/pgfplots/util/pgfplots
binary.code.tex
(d:/MyOwnFiles/LaTex/texlive/2023/texmf-dist/tex/generic/pgfplots/util/pgfplots
binary.data.code.tex))
(d:/MyOwnFiles/LaTex/texlive/2023/texmf-dist/tex/generic/pgfplots/util/pgfplots
util.verb.code.tex)
(d:/MyOwnFiles/LaTex/texlive/2023/texmf-dist/tex/generic/pgfplots/libs/pgflibra
rypgfplots.surfshading.code.tex
\c@pgfplotslibrarysurf@no=\count349

(d:/MyOwnFiles/LaTex/texlive/2023/texmf-dist/tex/generic/pgfplots/sys/pgflibrar
ypgfplots.surfshading.pgfsys-xetex.def
(d:/MyOwnFiles/LaTex/texlive/2023/texmf-dist/tex/generic/pgfplots/sys/pgflibrar
ypgfplots.surfshading.pgfsys-dvipdfmx.def
\c@pgfplotslibrarysurf@streamlen=\count350
))))
(d:/MyOwnFiles/LaTex/texlive/2023/texmf-dist/tex/generic/pgfplots/util/pgfplots
colormap.code.tex
(d:/MyOwnFiles/LaTex/texlive/2023/texmf-dist/tex/generic/pgfplots/util/pgfplots
color.code.tex))
(d:/MyOwnFiles/LaTex/texlive/2023/texmf-dist/tex/generic/pgfplots/pgfplotsstack
edplots.code.tex)
(d:/MyOwnFiles/LaTex/texlive/2023/texmf-dist/tex/generic/pgfplots/pgfplotsploth
andlers.code.tex
(d:/MyOwnFiles/LaTex/texlive/2023/texmf-dist/tex/generic/pgfplots/pgfplotsmeshp
lothandler.code.tex
(d:/MyOwnFiles/LaTex/texlive/2023/texmf-dist/tex/generic/pgfplots/pgfplotsmeshp
lotimage.code.tex)))
(d:/MyOwnFiles/LaTex/texlive/2023/texmf-dist/tex/generic/pgfplots/pgfplots.scal
ing.code.tex)
(d:/MyOwnFiles/LaTex/texlive/2023/texmf-dist/tex/generic/pgfplots/pgfplotscoord
processing.code.tex)
(d:/MyOwnFiles/LaTex/texlive/2023/texmf-dist/tex/generic/pgfplots/pgfplots.erro
rbars.code.tex)
(d:/MyOwnFiles/LaTex/texlive/2023/texmf-dist/tex/generic/pgfplots/pgfplots.mark
ers.code.tex)
(d:/MyOwnFiles/LaTex/texlive/2023/texmf-dist/tex/generic/pgfplots/pgfplotsticks
.code.tex)
(d:/MyOwnFiles/LaTex/texlive/2023/texmf-dist/tex/generic/pgfplots/pgfplots.path
s.code.tex)
(d:/MyOwnFiles/LaTex/texlive/2023/texmf-dist/tex/generic/pgf/frontendlayer/tikz
/libraries/tikzlibrarydecorations.code.tex
(d:/MyOwnFiles/LaTex/texlive/2023/texmf-dist/tex/generic/pgf/modules/pgfmoduled
ecorations.code.tex
\pgfdecoratedcompleteddistance=\dimen357
\pgfdecoratedremainingdistance=\dimen358
\pgfdecoratedinputsegmentcompleteddistance=\dimen359
\pgfdecoratedinputsegmentremainingdistance=\dimen360
\pgf@decorate@distancetomove=\dimen361
\pgf@decorate@repeatstate=\count351
\pgfdecorationsegmentamplitude=\dimen362
\pgfdecorationsegmentlength=\dimen363
)
\tikz@lib@dec@box=\box77
)
(d:/MyOwnFiles/LaTex/texlive/2023/texmf-dist/tex/generic/pgf/frontendlayer/tikz
/libraries/tikzlibrarydecorations.pathmorphing.code.tex
(d:/MyOwnFiles/LaTex/texlive/2023/texmf-dist/tex/generic/pgf/libraries/decorati
ons/pgflibrarydecorations.pathmorphing.code.tex))
(d:/MyOwnFiles/LaTex/texlive/2023/texmf-dist/tex/generic/pgf/frontendlayer/tikz
/libraries/tikzlibrarydecorations.pathreplacing.code.tex
(d:/MyOwnFiles/LaTex/texlive/2023/texmf-dist/tex/generic/pgf/libraries/decorati
ons/pgflibrarydecorations.pathreplacing.code.tex))
(d:/MyOwnFiles/LaTex/texlive/2023/texmf-dist/tex/generic/pgfplots/libs/tikzlibr
arypgfplots.contourlua.code.tex)
\pgfplots@numplots=\count352
\pgfplots@xmin@reg=\dimen364
\pgfplots@xmax@reg=\dimen365
\pgfplots@ymin@reg=\dimen366
\pgfplots@ymax@reg=\dimen367
\pgfplots@zmin@reg=\dimen368
\pgfplots@zmax@reg=\dimen369
)
(d:/MyOwnFiles/LaTex/texlive/2023/texmf-dist/tex/generic/pgf/frontendlayer/tikz
/libraries/tikzlibraryplotmarks.code.tex
File: tikzlibraryplotmarks.code.tex 2023-01-15 v3.1.10 (3.1.10)

(d:/MyOwnFiles/LaTex/texlive/2023/texmf-dist/tex/generic/pgf/libraries/pgflibra
ryplotmarks.code.tex
File: pgflibraryplotmarks.code.tex 2023-01-15 v3.1.10 (3.1.10)
)))
(d:/MyOwnFiles/LaTex/texlive/2023/texmf-dist/tex/latex/hyperref/hyperref.sty
Package: hyperref 2023-02-07 v7.00v Hypertext links for LaTeX

(d:/MyOwnFiles/LaTex/texlive/2023/texmf-dist/tex/generic/ltxcmds/ltxcmds.sty
Package: ltxcmds 2020-05-10 v1.25 LaTeX kernel commands for general use (HO)
)
(d:/MyOwnFiles/LaTex/texlive/2023/texmf-dist/tex/generic/pdftexcmds/pdftexcmds.
sty
Package: pdftexcmds 2020-06-27 v0.33 Utility functions of pdfTeX for LuaTeX (HO
)

(d:/MyOwnFiles/LaTex/texlive/2023/texmf-dist/tex/generic/infwarerr/infwarerr.st
y
Package: infwarerr 2019/12/03 v1.5 Providing info/warning/error messages (HO)
)
Package pdftexcmds Info: \pdf@primitive is available.
Package pdftexcmds Info: \pdf@ifprimitive is available.
Package pdftexcmds Info: \pdfdraftmode not found.
)
(d:/MyOwnFiles/LaTex/texlive/2023/texmf-dist/tex/latex/kvsetkeys/kvsetkeys.sty
Package: kvsetkeys 2022-10-05 v1.19 Key value parser (HO)
)
(d:/MyOwnFiles/LaTex/texlive/2023/texmf-dist/tex/generic/kvdefinekeys/kvdefinek
eys.sty
Package: kvdefinekeys 2019-12-19 v1.6 Define keys (HO)
)
(d:/MyOwnFiles/LaTex/texlive/2023/texmf-dist/tex/generic/pdfescape/pdfescape.st
y
Package: pdfescape 2019/12/09 v1.15 Implements pdfTeX's escape features (HO)
) (d:/MyOwnFiles/LaTex/texlive/2023/texmf-dist/tex/latex/hycolor/hycolor.sty
Package: hycolor 2020-01-27 v1.10 Color options for hyperref/bookmark (HO)
)
(d:/MyOwnFiles/LaTex/texlive/2023/texmf-dist/tex/latex/letltxmacro/letltxmacro.
sty
Package: letltxmacro 2019/12/03 v1.6 Let assignment for LaTeX macros (HO)
) (d:/MyOwnFiles/LaTex/texlive/2023/texmf-dist/tex/latex/auxhook/auxhook.sty
Package: auxhook 2019-12-17 v1.6 Hooks for auxiliary files (HO)
) (d:/MyOwnFiles/LaTex/texlive/2023/texmf-dist/tex/latex/hyperref/nameref.sty
Package: nameref 2022-05-17 v2.50 Cross-referencing by name of section

(d:/MyOwnFiles/LaTex/texlive/2023/texmf-dist/tex/latex/refcount/refcount.sty
Package: refcount 2019/12/15 v3.6 Data extraction from label references (HO)
)
(d:/MyOwnFiles/LaTex/texlive/2023/texmf-dist/tex/generic/gettitlestring/gettitl
estring.sty
Package: gettitlestring 2019/12/15 v1.6 Cleanup title references (HO)

(d:/MyOwnFiles/LaTex/texlive/2023/texmf-dist/tex/latex/kvoptions/kvoptions.sty
Package: kvoptions 2022-06-15 v3.15 Key value format for package options (HO)
))
\c@section@level=\count353
)
\@linkdim=\dimen370
\Hy@linkcounter=\count354
\Hy@pagecounter=\count355
 (d:/MyOwnFiles/LaTex/texlive/2023/texmf-dist/tex/latex/hyperref/pd1enc.def
File: pd1enc.def 2023-02-07 v7.00v Hyperref: PDFDocEncoding definition (HO)
)
(d:/MyOwnFiles/LaTex/texlive/2023/texmf-dist/tex/generic/intcalc/intcalc.sty
Package: intcalc 2019/12/15 v1.3 Expandable calculations with integers (HO)
)
(d:/MyOwnFiles/LaTex/texlive/2023/texmf-dist/tex/generic/etexcmds/etexcmds.sty
Package: etexcmds 2019/12/15 v1.7 Avoid name clashes with e-TeX commands (HO)
)
\Hy@SavedSpaceFactor=\count356
(d:/MyOwnFiles/LaTex/texlive/2023/texmf-dist/tex/latex/hyperref/puenc.def
File: puenc.def 2023-02-07 v7.00v Hyperref: PDF Unicode definition (HO)
)
Package hyperref Info: Option `unicode' set `true' on input line 4060.
Package hyperref Info: Hyper figures OFF on input line 4177.
Package hyperref Info: Link nesting OFF on input line 4182.
Package hyperref Info: Hyper index ON on input line 4185.
Package hyperref Info: Plain pages OFF on input line 4192.
Package hyperref Info: Backreferencing OFF on input line 4197.
Package hyperref Info: Implicit mode ON; LaTeX internals redefined.
Package hyperref Info: Bookmarks ON on input line 4425.
\c@Hy@tempcnt=\count357

(d:/MyOwnFiles/LaTex/texlive/2023/texmf-dist/tex/latex/url/url.sty
\Urlmuskip=\muskip18
Package: url 2013/09/16  ver 3.4  Verb mode for urls, etc.
)
LaTeX Info: Redefining \url on input line 4763.
\XeTeXLinkMargin=\dimen371

(d:/MyOwnFiles/LaTex/texlive/2023/texmf-dist/tex/generic/bitset/bitset.sty
Package: bitset 2019/12/09 v1.3 Handle bit-vector datatype (HO)

(d:/MyOwnFiles/LaTex/texlive/2023/texmf-dist/tex/generic/bigintcalc/bigintcalc.
sty
Package: bigintcalc 2019/12/15 v1.5 Expandable calculations on big integers (HO
)
))
\Fld@menulength=\count358
\Field@Width=\dimen372
\Fld@charsize=\dimen373
Package hyperref Info: Hyper figures OFF on input line 6042.
Package hyperref Info: Link nesting OFF on input line 6047.
Package hyperref Info: Hyper index ON on input line 6050.
Package hyperref Info: backreferencing OFF on input line 6057.
Package hyperref Info: Link coloring OFF on input line 6062.
Package hyperref Info: Link coloring with OCG OFF on input line 6067.
Package hyperref Info: PDF/A mode OFF on input line 6072.

(d:/MyOwnFiles/LaTex/texlive/2023/texmf-dist/tex/latex/base/atbegshi-ltx.sty
Package: atbegshi-ltx 2021/01/10 v1.0c Emulation of the original atbegshi
package with kernel methods
)
\Hy@abspage=\count359
\c@Item=\count360
\c@Hfootnote=\count361
)
Package hyperref Info: Driver (autodetected): hxetex.

(d:/MyOwnFiles/LaTex/texlive/2023/texmf-dist/tex/latex/hyperref/hxetex.def
File: hxetex.def 2023-02-07 v7.00v Hyperref driver for XeTeX

(d:/MyOwnFiles/LaTex/texlive/2023/texmf-dist/tex/generic/stringenc/stringenc.st
y
Package: stringenc 2019/11/29 v1.12 Convert strings between diff. encodings (HO
)
)
\pdfm@box=\box78
\c@Hy@AnnotLevel=\count362
\HyField@AnnotCount=\count363
\Fld@listcount=\count364
\c@bookmark@seq@number=\count365

(d:/MyOwnFiles/LaTex/texlive/2023/texmf-dist/tex/latex/rerunfilecheck/rerunfile
check.sty
Package: rerunfilecheck 2022-07-10 v1.10 Rerun checks for auxiliary files (HO)

(d:/MyOwnFiles/LaTex/texlive/2023/texmf-dist/tex/latex/base/atveryend-ltx.sty
Package: atveryend-ltx 2020/08/19 v1.0a Emulation of the original atveryend pac
kage
with kernel methods
)
(d:/MyOwnFiles/LaTex/texlive/2023/texmf-dist/tex/generic/uniquecounter/uniqueco
unter.sty
Package: uniquecounter 2019/12/15 v1.4 Provide unlimited unique counter (HO)
)
Package uniquecounter Info: New unique counter `rerunfilecheck' on input line 2
85.
)
\Hy@SectionHShift=\skip83
)
(d:/MyOwnFiles/LaTex/texlive/2023/texmf-dist/tex/latex/tikzsymbols/tikzsymbols.
sty
Package: tikzsymbols 2021/12/14 v4.12a Some symbols created using tikz and LaTe
X3.
 (d:/MyOwnFiles/LaTex/texlive/2023/texmf-dist/tex/latex/tools/xspace.sty
Package: xspace 2014/10/28 v1.13 Space after command names (DPC,MH)
)
(d:/MyOwnFiles/LaTex/texlive/2023/texmf-dist/tex/latex/l3packages/l3keys2e/l3ke
ys2e.sty
Package: l3keys2e 2023-02-02 LaTeX2e option processing using LaTeX3 keys
)
(d:/MyOwnFiles/LaTex/texlive/2023/texmf-dist/tex/generic/pgf/frontendlayer/tikz
/libraries/tikzlibraryarrows.code.tex
File: tikzlibraryarrows.code.tex 2023-01-15 v3.1.10 (3.1.10)

(d:/MyOwnFiles/LaTex/texlive/2023/texmf-dist/tex/generic/pgf/libraries/pgflibra
ryarrows.code.tex
File: pgflibraryarrows.code.tex 2023-01-15 v3.1.10 (3.1.10)
\arrowsize=\dimen374
))
(d:/MyOwnFiles/LaTex/texlive/2023/texmf-dist/tex/generic/pgf/frontendlayer/tikz
/libraries/tikzlibrarytrees.code.tex
File: tikzlibrarytrees.code.tex 2023-01-15 v3.1.10 (3.1.10)
)
\l__tikzsymbols_Moai_thickness_dim=\dimen375
\l__tikzsymbols_Kochtopf_nr_arguments_int=\count366
\l__tikzsymbols_Bratpfanne_nr_arguments_int=\count367
\l__tikzsymbols_Schneebesen_nr_arguments_int=\count368
\l__tikzsymbols_Sieb_nr_arguments_int=\count369
\l__tikzsymbols_Purierstab_nr_arguments_int=\count370
\l__tikzsymbols_Dreizack_nr_arguments_int=\count371
\l__tikzsymbols_Backblech_nr_arguments_int=\count372
\l__tikzsymbols_Ofen_nr_arguments_int=\count373
\l__tikzsymbols_Pfanne_nr_arguments_int=\count374
\l__tikzsymbols_Herd_nr_arguments_int=\count375
\l__tikzsymbols_Saftpresse_nr_arguments_int=\count376
\l__tikzsymbols_Schussel_nr_arguments_int=\count377
\l__tikzsymbols_Schaler_nr_arguments_int=\count378
\l__tikzsymbols_Reibe_nr_arguments_int=\count379
\l__tikzsymbols_Flasche_nr_arguments_int=\count380
\l__tikzsymbols_Nudelholz_nr_arguments_int=\count381
\l__tikzsymbols_Knoblauchpresse_nr_arguments_int=\count382
\l__tikzsymbols_Sadey_nr_arguments_int=\count383
\l__tikzsymbols_dSadey_nr_arguments_int=\count384
\l__tikzsymbols_Changey_nr_arguments_int=\count385
\l__tikzsymbols_dChangey_nr_arguments_int=\count386
\l__tikzsymbols_cChangey_nr_arguments_int=\count387
\l__tikzsymbols_dcChangey_nr_arguments_int=\count388
\l__tikzsymbols_Annoey_nr_arguments_int=\count389
\l__tikzsymbols_dAnnoey_nr_arguments_int=\count390
\l__tikzsymbols_Smiley_nr_arguments_int=\count391
\l__tikzsymbols_dSmiley_nr_arguments_int=\count392
\l__tikzsymbols_Laughey_nr_arguments_int=\count393
\l__tikzsymbols_dLaughey_nr_arguments_int=\count394
\l__tikzsymbols_Neutrey_nr_arguments_int=\count395
\l__tikzsymbols_dNeutrey_nr_arguments_int=\count396
\l__tikzsymbols_Winkey_nr_arguments_int=\count397
\l__tikzsymbols_oldWinkey_nr_arguments_int=\count398
\l__tikzsymbols_dWinkey_nr_arguments_int=\count399
\l__tikzsymbols_olddWinkey_nr_arguments_int=\count400
\l__tikzsymbols_Sey_nr_arguments_int=\count401
\l__tikzsymbols_dSey_nr_arguments_int=\count402
\l__tikzsymbols_Xey_nr_arguments_int=\count403
\l__tikzsymbols_dXey_nr_arguments_int=\count404
\l__tikzsymbols_Innocey_nr_arguments_int=\count405
\l__tikzsymbols_wInnocey_nr_arguments_int=\count406
\l__tikzsymbols_dInnocey_nr_arguments_int=\count407
\l__tikzsymbols_Cooley_nr_arguments_int=\count408
\l__tikzsymbols_dCooley_nr_arguments_int=\count409
\l__tikzsymbols_Tongey_nr_arguments_int=\count410
\l__tikzsymbols_dTongey_nr_arguments_int=\count411
\l__tikzsymbols_Nursey_nr_arguments_int=\count412
\l__tikzsymbols_dNursey_nr_arguments_int=\count413
\l__tikzsymbols_Vomey_nr_arguments_int=\count414
\l__tikzsymbols_dVomey_nr_arguments_int=\count415
\l__tikzsymbols_Walley_nr_arguments_int=\count416
\l__tikzsymbols_rWalley_nr_arguments_int=\count417
\l__tikzsymbols_dWalley_nr_arguments_int=\count418
\l__tikzsymbols_drWalley_nr_arguments_int=\count419
\l__tikzsymbols_Cat_nr_arguments_int=\count420
\l__tikzsymbols_SchrodingersCat_nr_arguments_int=\count421
\l__tikzsymbols_Ninja_nr_arguments_int=\count422
\l__tikzsymbols_dNinja_nr_arguments_int=\count423
\l__tikzsymbols_Sleepey_nr_arguments_int=\count424
\l__tikzsymbols_dSleepey_nr_arguments_int=\count425
\l__tikzsymbols_Maskey_nr_arguments_int=\count426
\l__tikzsymbols_NiceReapey_nr_arguments_int=\count427
\l__tikzsymbols_Strichmaxerl_nr_arguments_int=\count428
\l__tikzsymbols_Person_nr_arguments_int=\count429
\l__tikzsymbols_Heart_nr_arguments_int=\count430
\l__tikzsymbols_dHeart_nr_arguments_int=\count431
\l__tikzsymbols_HeartBroken_nr_arguments_int=\count432
\l__tikzsymbols_Candle_nr_arguments_int=\count433
\l__tikzsymbols_Fire_nr_arguments_int=\count434
\l__tikzsymbols_Coffeecup_nr_arguments_int=\count435
\l__tikzsymbols_Chair_nr_arguments_int=\count436
\l__tikzsymbols_Bed_nr_arguments_int=\count437
\l__tikzsymbols_Tribar_nr_arguments_int=\count438
\l__tikzsymbols_Moai_nr_arguments_int=\count439
\l__tikzsymbols_Snowman_nr_arguments_int=\count440
\l__tikzsymbols_BasicTree_nr_arguments_int=\count441
\l__tikzsymbols_WorstTree_nr_arguments_int=\count442
\l__tikzsymbols_Springtree_nr_arguments_int=\count443
\l__tikzsymbols_Summertree_nr_arguments_int=\count444
\l__tikzsymbols_Autumntree_nr_arguments_int=\count445
\l__tikzsymbols_Wintertree_nr_arguments_int=\count446
) (./221900180_田永铭_回归树均方误差不断下降的证明.aux)
\openout1 = `221900180_田永铭_回归树均方误差不断下降的证明.aux'.

LaTeX Font Info:    Checking defaults for OML/cmm/m/it on input line 330.
LaTeX Font Info:    ... okay on input line 330.
LaTeX Font Info:    Checking defaults for OMS/cmsy/m/n on input line 330.
LaTeX Font Info:    ... okay on input line 330.
LaTeX Font Info:    Checking defaults for OT1/cmr/m/n on input line 330.
LaTeX Font Info:    ... okay on input line 330.
LaTeX Font Info:    Checking defaults for T1/cmr/m/n on input line 330.
LaTeX Font Info:    ... okay on input line 330.
LaTeX Font Info:    Checking defaults for TS1/cmr/m/n on input line 330.
LaTeX Font Info:    ... okay on input line 330.
LaTeX Font Info:    Checking defaults for TU/lmr/m/n on input line 330.
LaTeX Font Info:    ... okay on input line 330.
LaTeX Font Info:    Checking defaults for OMX/cmex/m/n on input line 330.
LaTeX Font Info:    ... okay on input line 330.
LaTeX Font Info:    Checking defaults for U/cmr/m/n on input line 330.
LaTeX Font Info:    ... okay on input line 330.
LaTeX Font Info:    Checking defaults for PD1/pdf/m/n on input line 330.
LaTeX Font Info:    ... okay on input line 330.
LaTeX Font Info:    Checking defaults for PU/pdf/m/n on input line 330.
LaTeX Font Info:    ... okay on input line 330.

Package fontspec Info: Adjusting the maths setup (use [no-math] to avoid
(fontspec)             this).

\symlegacymaths=\mathgroup7
LaTeX Font Info:    Overwriting symbol font `legacymaths' in version `bold'
(Font)                  OT1/cmr/m/n --> OT1/cmr/bx/n on input line 330.
LaTeX Font Info:    Redeclaring math accent \acute on input line 330.
LaTeX Font Info:    Redeclaring math accent \grave on input line 330.
LaTeX Font Info:    Redeclaring math accent \ddot on input line 330.
LaTeX Font Info:    Redeclaring math accent \tilde on input line 330.
LaTeX Font Info:    Redeclaring math accent \bar on input line 330.
LaTeX Font Info:    Redeclaring math accent \breve on input line 330.
LaTeX Font Info:    Redeclaring math accent \check on input line 330.
LaTeX Font Info:    Redeclaring math accent \hat on input line 330.
LaTeX Font Info:    Redeclaring math accent \dot on input line 330.
LaTeX Font Info:    Redeclaring math accent \mathring on input line 330.
LaTeX Font Info:    Redeclaring math symbol \Gamma on input line 330.
LaTeX Font Info:    Redeclaring math symbol \Delta on input line 330.
LaTeX Font Info:    Redeclaring math symbol \Theta on input line 330.
LaTeX Font Info:    Redeclaring math symbol \Lambda on input line 330.
LaTeX Font Info:    Redeclaring math symbol \Xi on input line 330.
LaTeX Font Info:    Redeclaring math symbol \Pi on input line 330.
LaTeX Font Info:    Redeclaring math symbol \Sigma on input line 330.
LaTeX Font Info:    Redeclaring math symbol \Upsilon on input line 330.
LaTeX Font Info:    Redeclaring math symbol \Phi on input line 330.
LaTeX Font Info:    Redeclaring math symbol \Psi on input line 330.
LaTeX Font Info:    Redeclaring math symbol \Omega on input line 330.
LaTeX Font Info:    Redeclaring math symbol \mathdollar on input line 330.
LaTeX Font Info:    Redeclaring symbol font `operators' on input line 330.
LaTeX Font Info:    Encoding `OT1' has changed to `TU' for symbol font
(Font)              `operators' in the math version `normal' on input line 330.

LaTeX Font Info:    Overwriting symbol font `operators' in version `normal'
(Font)                  OT1/cmr/m/n --> TU/lmr/m/n on input line 330.
LaTeX Font Info:    Encoding `OT1' has changed to `TU' for symbol font
(Font)              `operators' in the math version `bold' on input line 330.
LaTeX Font Info:    Overwriting symbol font `operators' in version `bold'
(Font)                  OT1/cmr/bx/n --> TU/lmr/m/n on input line 330.
LaTeX Font Info:    Overwriting symbol font `operators' in version `normal'
(Font)                  TU/lmr/m/n --> TU/lmr/m/n on input line 330.
LaTeX Font Info:    Overwriting math alphabet `\mathit' in version `normal'
(Font)                  OT1/cmr/m/it --> TU/lmr/m/it on input line 330.
LaTeX Font Info:    Overwriting math alphabet `\mathbf' in version `normal'
(Font)                  OT1/cmr/bx/n --> TU/lmr/b/n on input line 330.
LaTeX Font Info:    Overwriting math alphabet `\mathsf' in version `normal'
(Font)                  OT1/cmss/m/n --> TU/lmss/m/n on input line 330.
LaTeX Font Info:    Overwriting math alphabet `\mathtt' in version `normal'
(Font)                  OT1/cmtt/m/n --> TU/lmtt/m/n on input line 330.
LaTeX Font Info:    Overwriting symbol font `operators' in version `bold'
(Font)                  TU/lmr/m/n --> TU/lmr/b/n on input line 330.
LaTeX Font Info:    Overwriting math alphabet `\mathit' in version `bold'
(Font)                  OT1/cmr/bx/it --> TU/lmr/b/it on input line 330.
LaTeX Font Info:    Overwriting math alphabet `\mathsf' in version `bold'
(Font)                  OT1/cmss/bx/n --> TU/lmss/b/n on input line 330.
LaTeX Font Info:    Overwriting math alphabet `\mathtt' in version `bold'
(Font)                  OT1/cmtt/m/n --> TU/lmtt/b/n on input line 330.

*geometry* driver: auto-detecting
*geometry* detected driver: xetex
*geometry* verbose mode - [ preamble ] result:
* driver: xetex
* paper: a4paper
* layout: <same size as paper>
* layoutoffset:(h,v)=(0.0pt,0.0pt)
* modes: 
* h-part:(L,W,R)=(89.62709pt, 418.25368pt, 89.6271pt)
* v-part:(T,H,B)=(101.40665pt, 591.5302pt, 152.11pt)
* \paperwidth=597.50787pt
* \paperheight=845.04684pt
* \textwidth=418.25368pt
* \textheight=591.5302pt
* \oddsidemargin=17.3571pt
* \evensidemargin=17.3571pt
* \topmargin=-7.86334pt
* \headheight=36.0pt
* \headsep=25.0pt
* \topskip=10.0pt
* \footskip=30.0pt
* \marginparwidth=65.0pt
* \marginparsep=11.0pt
* \columnsep=10.0pt
* \skip\footins=9.0pt plus 4.0pt minus 2.0pt
* \hoffset=0.0pt
* \voffset=0.0pt
* \mag=1000
* \@twocolumnfalse
* \@twosidefalse
* \@mparswitchfalse
* \@reversemarginfalse
* (1in=72.27pt=25.4mm, 1cm=28.453pt)

LaTeX Info: Redefining \celsius on input line 330.
Package gensymb Info: Faking symbols for \degree and \celsius on input line 330
.

Package gensymb Warning: Not defining \perthousand.

LaTeX Info: Redefining \ohm on input line 330.
Package gensymb Info: Using \Omega for \ohm on input line 330.

Package gensymb Warning: Not defining \micro.

\c@lstlisting=\count447
Package caption Info: Begin \AtBeginDocument code.
Package caption Info: hyperref package is loaded.
Package caption Info: End \AtBeginDocument code.
Package pgfplots notification 'compat/show suggested version=true': you might b
enefit from \pgfplotsset{compat=1.18} (current compat level: 1.17).

Package hyperref Info: Link coloring OFF on input line 330.
(./221900180_田永铭_回归树均方误差不断下降的证明.out) (./221900180_田永铭_回归树均方误差不断下降的证明.out)
\@outlinefile=\write4
\openout4 = `221900180_田永铭_回归树均方误差不断下降的证明.out'.

LaTeX Font Info:    Trying to load font information for U+msa on input line 332
.

(d:/MyOwnFiles/LaTex/texlive/2023/texmf-dist/tex/latex/amsfonts/umsa.fd
File: umsa.fd 2013/01/14 v3.01 AMS symbols A
)
LaTeX Font Info:    Trying to load font information for U+msb on input line 332
.

(d:/MyOwnFiles/LaTex/texlive/2023/texmf-dist/tex/latex/amsfonts/umsb.fd
File: umsb.fd 2013/01/14 v3.01 AMS symbols B
)
LaTeX Font Info:    Trying to load font information for U+esint on input line 3
32.

(d:/MyOwnFiles/LaTex/texlive/2023/texmf-dist/tex/latex/esint/uesint.fd
File: uesint.fd 
)
Underfull \hbox (badness 10000) in paragraph at lines 347--348

 []


Underfull \hbox (badness 10000) in paragraph at lines 347--348

 []


Underfull \hbox (badness 10000) in paragraph at lines 347--348

 []

[1

] [2] 
enddocument/afterlastpage: lastpage setting LastPage.
(./221900180_田永铭_回归树均方误差不断下降的证明.aux)
Package rerunfilecheck Info: File `221900180_田永铭_回归树均方误差不断下降的证明.out' has not ch
anged.
(rerunfilecheck)             Checksum: 11CE51BB9378CCA6DB779F99D3568080;198.
 ) 
Here is how much of TeX's memory you used:
 42110 strings out of 476683
 1037178 string characters out of 5799636
 1864012 words of memory out of 5000000
 61673 multiletter control sequences out of 15000+600000
 522949 words of font info for 100 fonts, out of 8000000 for 9000
 1348 hyphenation exceptions out of 8191
 103i,11n,105p,1214b,479s stack positions out of 10000i,1000n,20000p,200000b,200000s

Output written on 221900180_田永铭_回归树均方误差不断下降的证明.pdf (2 pages).
